simpsonsKids
    should satisfy the condition

    but
[Bart, Lisa, Maggie, Maggie]
    do not